{
    "files": [
        "signature",
        "manifest.json",
        "pass.json",
        "icon.png"
    ],
    "manifest": {
        "pass.json": "<random>",
        "icon.png": "<random>"
    },
    "pass": {
        "formatVersion": 1,
        "organizationName": "Spatie",
        "passTypeIdentifier": "pass.app.gowallet",
        "webServiceURL": "\/passkit\/",
        "teamIdentifier": "2SQU7LWHMY",
        "serialNumber": "<random>",
        "backgroundColor": "rgb(51, 0, 51)",
        "userInfo": {
            "passType": "generic"
        },
        "generic": {
            "transitType": "PKTransitTypeAir",
            "headerFields": [],
            "primaryFields": [],
            "secondaryFields": [],
            "auxiliaryFields": []
        }
    }
}